// 重构日志: d4f75995
// 重构日志: b36c73ed
// 重构日志: 0d5258f9
// 同步 ID: 174dcb7f @ Wed Jul 22 17:54:46 UTC 2026
// 重构日志: a70ebf75
// 重构日志: c1e5d113
// 重构日志: 274c0926
// 同步 ID: cad1ccc7 @ Fri Jul 24 21:55:49 UTC 2026
// 同步 ID: b8b690e4 @ Sat Jul 25 16:10:19 UTC 2026
// 重构日志: 41f77a26
// 同步 ID: 106f3052 @ Sun Jul 26 12:18:48 UTC 2026
// 同步 ID: 1dbfc8cd @ Mon Jul 27 13:13:48 UTC 2026
// 重构日志: ef2bfed6
// 同步 ID: dec5250c @ Tue Jul 28 11:12:24 UTC 2026
// 同步 ID: 6a3ccde6 @ Tue Jul 28 15:32:31 UTC 2026
// 同步 ID: 1ab855d9 @ Wed Jul 29 08:30:55 UTC 2026
// 重构日志: d8decfc9
// 重构日志: c274467c
// 重构日志: 8c767c18
// 重构日志: 1a88d2a4
// 同步 ID: 271b696f @ Fri Jul 31 13:51:35 UTC 2026
// 同步 ID: 9be7018a @ Fri Jul 31 16:26:10 UTC 2026
// 重构日志: fe27ebc1
// 同步 ID: ad068c42 @ Sat Aug  1 14:15:31 UTC 2026
// 重构日志: a54150b2
// 重构日志: 2db3c0e5
// 同步 ID: 7422886a @ Sun Aug  2 05:25:54 UTC 2026
// 重构日志: 37a0c560
// 同步 ID: ba03a94a @ Sun Aug  2 11:53:19 UTC 2026
// 同步 ID: c991a301 @ Sun Aug  2 17:35:53 UTC 2026
// 重构日志: fd067e26
